exports[`test renders correctly 1`] = `
<Formsy
  onChange={[Function]}
  onError={[Function]}
  onInvalid={[Function]}
  onInvalidSubmit={[Function]}
  onSubmit={[Function]}
  onSuccess={[Function]}
  onValid={[Function]}
  onValidSubmit={[Function]}
  preventExternalInvalidation={false}
  validationErrors={null} />
`;
