exports[`test renders correctly 1`] = `
<div>
  <Header>
    Login
  </Header>
  <RaisedButton
    disabled={false}
    fullWidth={false}
    label="login"
    labelPosition="after"
    onTouchTap={[Function]}
    primary={true}
    secondary={false} />
</div>
`;
